// Jest Snapshot v1, https://goo.gl/fbAQLP

exports[`Testing our Counter component render correctly to the DOM 1`] = `
<section
  className="counter"
>
  <button
    className="down clicker"
    href="#"
    onClick={[Function]}
  >
    -
  </button>
  <span
    className="count "
  >
    0
  </span>
  <button
    className="up clicker"
    href="#"
    onClick={[Function]}
  >
    +
  </button>
</section>
`;
